// Jest Snapshot v1, https://goo.gl/fbAQLP

exports[`Login should render the component 1`] = `
Object {
  "asFragment": [Function],
  "baseElement": <body>
    <div>
      <div
        class="mx-auto d-flex justify-content-center align-items-center row"
      >
        <div
          class="col-12 mt-5"
        >
          <h1
            class="text-center"
          >
            Employee Polls Project
          </h1>
        </div>
        <div
          class="col-lg-8 col-12"
        >
          <img
            alt="Polls"
            class="mx-auto mt-2 img-fluid rounded"
            src="polls-image.png"
          />
        </div>
        <div
          class="col-lg-8"
        >
          <form
            class="mt-5"
          >
            <div
              class="mb-3"
            >
              <label
                class="form-label"
              >
                User ID
              </label>
              <select
                aria-label="users select"
                class="form-select"
                data-testid="user-field"
              >
                <option>
                  Open this select user
                </option>
              </select>
            </div>
            <div
              class="mb-3"
            >
              <label
                class="form-label"
              >
                Password
              </label>
              <input
                class="form-control"
                data-testid="password-field"
                name="password"
                placeholder="Password"
                type="password"
                value=""
              />
            </div>
            <div
              class="text-center"
            >
              <button
                class="btn btn-primary"
                data-testid="login-btn"
                type="submit"
              >
                Submit
              </button>
            </div>
          </form>
        </div>
      </div>
    </div>
  </body>,
  "container": <div>
    <div
      class="mx-auto d-flex justify-content-center align-items-center row"
    >
      <div
        class="col-12 mt-5"
      >
        <h1
          class="text-center"
        >
          Employee Polls Project
        </h1>
      </div>
      <div
        class="col-lg-8 col-12"
      >
        <img
          alt="Polls"
          class="mx-auto mt-2 img-fluid rounded"
          src="polls-image.png"
        />
      </div>
      <div
        class="col-lg-8"
      >
        <form
          class="mt-5"
        >
          <div
            class="mb-3"
          >
            <label
              class="form-label"
            >
              User ID
            </label>
            <select
              aria-label="users select"
              class="form-select"
              data-testid="user-field"
            >
              <option>
                Open this select user
              </option>
            </select>
          </div>
          <div
            class="mb-3"
          >
            <label
              class="form-label"
            >
              Password
            </label>
            <input
              class="form-control"
              data-testid="password-field"
              name="password"
              placeholder="Password"
              type="password"
              value=""
            />
          </div>
          <div
            class="text-center"
          >
            <button
              class="btn btn-primary"
              data-testid="login-btn"
              type="submit"
            >
              Submit
            </button>
          </div>
        </form>
      </div>
    </div>
  </div>,
  "debug": [Function],
  "findAllByAltText": [Function],
  "findAllByDisplayValue": [Function],
  "findAllByLabelText": [Function],
  "findAllByPlaceholderText": [Function],
  "findAllByRole": [Function],
  "findAllByTestId": [Function],
  "findAllByText": [Function],
  "findAllByTitle": [Function],
  "findByAltText": [Function],
  "findByDisplayValue": [Function],
  "findByLabelText": [Function],
  "findByPlaceholderText": [Function],
  "findByRole": [Function],
  "findByTestId": [Function],
  "findByText": [Function],
  "findByTitle": [Function],
  "getAllByAltText": [Function],
  "getAllByDisplayValue": [Function],
  "getAllByLabelText": [Function],
  "getAllByPlaceholderText": [Function],
  "getAllByRole": [Function],
  "getAllByTestId": [Function],
  "getAllByText": [Function],
  "getAllByTitle": [Function],
  "getByAltText": [Function],
  "getByDisplayValue": [Function],
  "getByLabelText": [Function],
  "getByPlaceholderText": [Function],
  "getByRole": [Function],
  "getByTestId": [Function],
  "getByText": [Function],
  "getByTitle": [Function],
  "queryAllByAltText": [Function],
  "queryAllByDisplayValue": [Function],
  "queryAllByLabelText": [Function],
  "queryAllByPlaceholderText": [Function],
  "queryAllByRole": [Function],
  "queryAllByTestId": [Function],
  "queryAllByText": [Function],
  "queryAllByTitle": [Function],
  "queryByAltText": [Function],
  "queryByDisplayValue": [Function],
  "queryByLabelText": [Function],
  "queryByPlaceholderText": [Function],
  "queryByRole": [Function],
  "queryByTestId": [Function],
  "queryByText": [Function],
  "queryByTitle": [Function],
  "rerender": [Function],
  "unmount": [Function],
}
`;
