// Jest Snapshot v1, https://goo.gl/fbAQLP

exports[`Nav should render the View 1`] = `
Object {
  "asFragment": [Function],
  "baseElement": <body>
    <div>
      <nav
        class="px-2 mb-5 navbar navbar-expand navbar-dark bg-dark"
      >
        <div
          class="me-auto navbar-nav"
        >
          <a
            class="nav-link"
            href="/"
          >
            Home
          </a>
          <a
            class="nav-link mx-2"
            href="/add"
          >
            Add
          </a>
          <a
            class="nav-link mx-2"
            href="/leaderboard"
          >
            Leaderboard
          </a>
          <button
            aria-label="Toggle navigation"
            class="navbar-toggler collapsed"
            type="button"
          >
            <span
              class="navbar-toggler-icon"
            />
          </button>
        </div>
        <div
          class="justify-content-end navbar-collapse collapse"
        >
          <span
            class="navbar-text"
          >
            Logout: 
            <a
              data-testid="user-information"
              href="/"
            >
              sarahedo
            </a>
          </span>
        </div>
      </nav>
    </div>
  </body>,
  "container": <div>
    <nav
      class="px-2 mb-5 navbar navbar-expand navbar-dark bg-dark"
    >
      <div
        class="me-auto navbar-nav"
      >
        <a
          class="nav-link"
          href="/"
        >
          Home
        </a>
        <a
          class="nav-link mx-2"
          href="/add"
        >
          Add
        </a>
        <a
          class="nav-link mx-2"
          href="/leaderboard"
        >
          Leaderboard
        </a>
        <button
          aria-label="Toggle navigation"
          class="navbar-toggler collapsed"
          type="button"
        >
          <span
            class="navbar-toggler-icon"
          />
        </button>
      </div>
      <div
        class="justify-content-end navbar-collapse collapse"
      >
        <span
          class="navbar-text"
        >
          Logout: 
          <a
            data-testid="user-information"
            href="/"
          >
            sarahedo
          </a>
        </span>
      </div>
    </nav>
  </div>,
  "debug": [Function],
  "findAllByAltText": [Function],
  "findAllByDisplayValue": [Function],
  "findAllByLabelText": [Function],
  "findAllByPlaceholderText": [Function],
  "findAllByRole": [Function],
  "findAllByTestId": [Function],
  "findAllByText": [Function],
  "findAllByTitle": [Function],
  "findByAltText": [Function],
  "findByDisplayValue": [Function],
  "findByLabelText": [Function],
  "findByPlaceholderText": [Function],
  "findByRole": [Function],
  "findByTestId": [Function],
  "findByText": [Function],
  "findByTitle": [Function],
  "getAllByAltText": [Function],
  "getAllByDisplayValue": [Function],
  "getAllByLabelText": [Function],
  "getAllByPlaceholderText": [Function],
  "getAllByRole": [Function],
  "getAllByTestId": [Function],
  "getAllByText": [Function],
  "getAllByTitle": [Function],
  "getByAltText": [Function],
  "getByDisplayValue": [Function],
  "getByLabelText": [Function],
  "getByPlaceholderText": [Function],
  "getByRole": [Function],
  "getByTestId": [Function],
  "getByText": [Function],
  "getByTitle": [Function],
  "queryAllByAltText": [Function],
  "queryAllByDisplayValue": [Function],
  "queryAllByLabelText": [Function],
  "queryAllByPlaceholderText": [Function],
  "queryAllByRole": [Function],
  "queryAllByTestId": [Function],
  "queryAllByText": [Function],
  "queryAllByTitle": [Function],
  "queryByAltText": [Function],
  "queryByDisplayValue": [Function],
  "queryByLabelText": [Function],
  "queryByPlaceholderText": [Function],
  "queryByRole": [Function],
  "queryByTestId": [Function],
  "queryByText": [Function],
  "queryByTitle": [Function],
  "rerender": [Function],
  "unmount": [Function],
}
`;
