// Jest Snapshot v1, https://goo.gl/fbAQLP

exports[`NewPoll should render the component 1`] = `
Object {
  "asFragment": [Function],
  "baseElement": <body>
    <div>
      <div
        class="card"
      >
        <div
          class="row"
        >
          <div
            class="d-flex align-items-center p-4 col-lg-12 col-12"
          >
            <form
              class="w-100"
            >
              <h2>
                Would you rather?
              </h2>
              <div
                class="mb-3"
              >
                <label
                  class="form-label"
                  data-testid="firstOptionLabel"
                >
                  First option
                </label>
                <input
                  class="form-control"
                  data-testid="firstOption"
                  id="firstOption"
                  placeholder="Enter first option"
                  type="text"
                />
              </div>
              <div
                class="mb-3"
              >
                <label
                  class="form-label"
                  data-testid="secondOptionLabel"
                >
                  Second option
                </label>
                <input
                  class="form-control"
                  data-testid="secondOption"
                  id="secondOption"
                  placeholder="Enter second option"
                  type="text"
                />
              </div>
              <button
                class="btn btn-primary"
                data-testid="submit-poll"
                type="submit"
              >
                Submit
              </button>
            </form>
          </div>
        </div>
      </div>
    </div>
  </body>,
  "container": <div>
    <div
      class="card"
    >
      <div
        class="row"
      >
        <div
          class="d-flex align-items-center p-4 col-lg-12 col-12"
        >
          <form
            class="w-100"
          >
            <h2>
              Would you rather?
            </h2>
            <div
              class="mb-3"
            >
              <label
                class="form-label"
                data-testid="firstOptionLabel"
              >
                First option
              </label>
              <input
                class="form-control"
                data-testid="firstOption"
                id="firstOption"
                placeholder="Enter first option"
                type="text"
              />
            </div>
            <div
              class="mb-3"
            >
              <label
                class="form-label"
                data-testid="secondOptionLabel"
              >
                Second option
              </label>
              <input
                class="form-control"
                data-testid="secondOption"
                id="secondOption"
                placeholder="Enter second option"
                type="text"
              />
            </div>
            <button
              class="btn btn-primary"
              data-testid="submit-poll"
              type="submit"
            >
              Submit
            </button>
          </form>
        </div>
      </div>
    </div>
  </div>,
  "debug": [Function],
  "findAllByAltText": [Function],
  "findAllByDisplayValue": [Function],
  "findAllByLabelText": [Function],
  "findAllByPlaceholderText": [Function],
  "findAllByRole": [Function],
  "findAllByTestId": [Function],
  "findAllByText": [Function],
  "findAllByTitle": [Function],
  "findByAltText": [Function],
  "findByDisplayValue": [Function],
  "findByLabelText": [Function],
  "findByPlaceholderText": [Function],
  "findByRole": [Function],
  "findByTestId": [Function],
  "findByText": [Function],
  "findByTitle": [Function],
  "getAllByAltText": [Function],
  "getAllByDisplayValue": [Function],
  "getAllByLabelText": [Function],
  "getAllByPlaceholderText": [Function],
  "getAllByRole": [Function],
  "getAllByTestId": [Function],
  "getAllByText": [Function],
  "getAllByTitle": [Function],
  "getByAltText": [Function],
  "getByDisplayValue": [Function],
  "getByLabelText": [Function],
  "getByPlaceholderText": [Function],
  "getByRole": [Function],
  "getByTestId": [Function],
  "getByText": [Function],
  "getByTitle": [Function],
  "queryAllByAltText": [Function],
  "queryAllByDisplayValue": [Function],
  "queryAllByLabelText": [Function],
  "queryAllByPlaceholderText": [Function],
  "queryAllByRole": [Function],
  "queryAllByTestId": [Function],
  "queryAllByText": [Function],
  "queryAllByTitle": [Function],
  "queryByAltText": [Function],
  "queryByDisplayValue": [Function],
  "queryByLabelText": [Function],
  "queryByPlaceholderText": [Function],
  "queryByRole": [Function],
  "queryByTestId": [Function],
  "queryByText": [Function],
  "queryByTitle": [Function],
  "rerender": [Function],
  "unmount": [Function],
}
`;
